2025-12-12 04:20:29,315 - [STARTUP] Server initialized. Listening on port 1234...
2025-12-12 04:20:32,313 - [GAME] Spawned Event 2 (Type 1) at 2,17
2025-12-12 04:20:32,572 - [CONNECT] New connection accepted. Assigned Player ID 1 to ('127.0.0.1', 50929)
2025-12-12 04:20:32,981 - [CONNECT] New connection accepted. Assigned Player ID 2 to ('127.0.0.1', 41299)
2025-12-12 04:20:33,045 - [CLAIM] Player 1 successfully CLAIMED block at (0, 12)
2025-12-12 04:20:33,466 - [CLAIM] Player 2 successfully CLAIMED block at (19, 1)
2025-12-12 04:20:33,530 - [CONNECT] New connection accepted. Assigned Player ID 3 to ('127.0.0.1', 42225)
2025-12-12 04:20:33,892 - [CONNECT] New connection accepted. Assigned Player ID 4 to ('127.0.0.1', 41758)
2025-12-12 04:20:33,892 - [MOVE] Player 2 moved from (19, 1) to (18, 1)
2025-12-12 04:20:34,009 - [CLAIM] Player 3 successfully CLAIMED block at (7, 2)
2025-12-12 04:20:34,108 - [CLAIM] Player 1 successfully CLAIMED block at (0, 12)
2025-12-12 04:20:34,379 - [CLAIM] Player 4 successfully CLAIMED block at (6, 7)
2025-12-12 04:20:34,434 - [MOVE] Player 3 moved from (7, 2) to (6, 2)
2025-12-12 04:20:34,563 - [CLAIM] Player 2 successfully CLAIMED block at (18, 1)
2025-12-12 04:20:34,808 - [MOVE] Player 4 moved from (6, 7) to (5, 7)
2025-12-12 04:20:34,914 - [MOVE] Player 2 moved from (18, 1) to (17, 1)
2025-12-12 04:20:35,086 - [CLAIM] Player 3 successfully CLAIMED block at (6, 2)
2025-12-12 04:20:35,276 - [MOVE] Player 2 moved from (17, 1) to (16, 1)
2025-12-12 04:20:35,354 - [GAME] Spawned Event 4 (Type 1) at 3,13
2025-12-12 04:20:35,386 - [CLAIM] Player 1 successfully CLAIMED block at (0, 12)
2025-12-12 04:20:35,451 - [MOVE] Player 3 moved from (6, 2) to (5, 2)
2025-12-12 04:20:35,451 - [CLAIM] Player 4 successfully CLAIMED block at (5, 7)
2025-12-12 04:20:35,811 - [MOVE] Player 4 moved from (5, 7) to (4, 7)
2025-12-12 04:20:35,811 - [MOVE] Player 3 moved from (5, 2) to (4, 2)
2025-12-12 04:20:35,885 - [CLAIM] Player 2 successfully CLAIMED block at (16, 1)
2025-12-12 04:20:36,034 - [MOVE] Player 1 moved from (0, 12) to (0, 13)
2025-12-12 04:20:36,162 - [MOVE] Player 4 moved from (4, 7) to (3, 7)
2025-12-12 04:20:36,387 - [CLAIM] Player 3 successfully CLAIMED block at (4, 2)
2025-12-12 04:20:36,556 - [MOVE] Player 2 moved from (16, 1) to (16, 2)
2025-12-12 04:20:36,630 - [CLAIM] Player 1 successfully CLAIMED block at (0, 13)
2025-12-12 04:20:36,778 - [CLAIM] Player 4 successfully CLAIMED block at (3, 7)
2025-12-12 04:20:36,937 - [CLAIM] Player 1 successfully CLAIMED block at (0, 13)
2025-12-12 04:20:37,054 - [MOVE] Player 3 moved from (4, 2) to (4, 3)
2025-12-12 04:20:37,182 - [CLAIM] Player 2 successfully CLAIMED block at (16, 2)
2025-12-12 04:20:37,447 - [MOVE] Player 4 moved from (3, 7) to (3, 8)
2025-12-12 04:20:37,499 - [CLAIM] Player 2 successfully CLAIMED block at (16, 2)
2025-12-12 04:20:37,581 - [MOVE] Player 1 moved from (0, 13) to (1, 13)
2025-12-12 04:20:37,645 - [CLAIM] Player 3 successfully CLAIMED block at (4, 3)
2025-12-12 04:20:37,953 - [CLAIM] Player 3 successfully CLAIMED block at (4, 3)
2025-12-12 04:20:37,985 - [CLAIM] Player 1 successfully CLAIMED block at (1, 13)
2025-12-12 04:20:38,049 - [CLAIM] Player 4 successfully CLAIMED block at (3, 8)
2025-12-12 04:20:38,166 - [MOVE] Player 2 moved from (16, 2) to (17, 2)
2025-12-12 04:20:38,336 - [MOVE] Player 1 moved from (1, 13) to (1, 12)
2025-12-12 04:20:38,368 - [CLAIM] Player 4 successfully CLAIMED block at (3, 8)
2025-12-12 04:20:38,370 - [GAME] Spawned Event 6 (Type 1) at 2,16
2025-12-12 04:20:38,599 - [CLAIM] Player 2 successfully CLAIMED block at (17, 2)
2025-12-12 04:20:38,609 - [MOVE] Player 3 moved from (4, 3) to (5, 3)
2025-12-12 04:20:38,966 - [MOVE] Player 2 moved from (17, 2) to (17, 1)
2025-12-12 04:20:39,019 - [MOVE] Player 4 moved from (3, 8) to (4, 8)
2025-12-12 04:20:39,042 - [CLAIM] Player 3 successfully CLAIMED block at (5, 3)
2025-12-12 04:20:39,063 - [MOVE] Player 1 moved from (1, 12) to (0, 12)
2025-12-12 04:20:39,392 - [MOVE] Player 3 moved from (5, 3) to (5, 2)
2025-12-12 04:20:39,445 - [CLAIM] Player 4 successfully CLAIMED block at (4, 8)
2025-12-12 04:20:39,720 - [MOVE] Player 2 moved from (17, 1) to (16, 1)
2025-12-12 04:20:39,731 - [MOVE] Player 1 moved from (0, 12) to (0, 13)
2025-12-12 04:20:39,817 - [MOVE] Player 4 moved from (4, 8) to (4, 7)
2025-12-12 04:20:40,069 - [MOVE] Player 1 moved from (0, 13) to (0, 12)
2025-12-12 04:20:40,112 - [MOVE] Player 3 moved from (5, 2) to (4, 2)
2025-12-12 04:20:40,419 - [MOVE] Player 2 moved from (16, 1) to (16, 2)
2025-12-12 04:20:40,556 - [MOVE] Player 4 moved from (4, 7) to (3, 7)
2025-12-12 04:20:40,663 - [CLAIM] Player 1 successfully CLAIMED block at (0, 12)
2025-12-12 04:20:40,768 - [MOVE] Player 2 moved from (16, 2) to (16, 1)
2025-12-12 04:20:40,779 - [MOVE] Player 3 moved from (4, 2) to (4, 3)
2025-12-12 04:20:40,986 - [MOVE] Player 1 moved from (0, 12) to (0, 11)
2025-12-12 04:20:41,113 - [MOVE] Player 3 moved from (4, 3) to (4, 2)
2025-12-12 04:20:41,232 - [MOVE] Player 4 moved from (3, 7) to (3, 8)
2025-12-12 04:20:41,381 - [CLAIM] Player 2 successfully CLAIMED block at (16, 1)
2025-12-12 04:20:41,403 - [GAME] Spawned Event 7 (Type 1) at 18,9
2025-12-12 04:20:41,594 - [MOVE] Player 4 moved from (3, 8) to (3, 7)
2025-12-12 04:20:41,711 - [CLAIM] Player 3 successfully CLAIMED block at (4, 2)
2025-12-12 04:20:41,712 - [MOVE] Player 2 moved from (16, 1) to (16, 0)
2025-12-12 04:20:41,775 - [CLAIM] Player 1 successfully CLAIMED block at (0, 11)
2025-12-12 04:20:42,030 - [MOVE] Player 3 moved from (4, 2) to (4, 1)
2025-12-12 04:20:42,189 - [CLAIM] Player 4 successfully CLAIMED block at (3, 7)
2025-12-12 04:20:42,506 - [MOVE] Player 1 moved from (0, 11) to (0, 12)
2025-12-12 04:20:42,527 - [MOVE] Player 4 moved from (3, 7) to (3, 6)
2025-12-12 04:20:42,537 - [CLAIM] Player 2 successfully CLAIMED block at (16, 0)
2025-12-12 04:20:42,825 - [CLAIM] Player 3 successfully CLAIMED block at (4, 1)
2025-12-12 04:20:43,131 - [MOVE] Player 1 moved from (0, 12) to (0, 11)
2025-12-12 04:20:43,301 - [MOVE] Player 2 moved from (16, 0) to (16, 1)
2025-12-12 04:20:43,323 - [CLAIM] Player 4 successfully CLAIMED block at (3, 6)
2025-12-12 04:20:43,560 - [MOVE] Player 3 moved from (4, 1) to (4, 2)
2025-12-12 04:20:43,942 - [MOVE] Player 2 moved from (16, 1) to (16, 0)
2025-12-12 04:20:44,091 - [MOVE] Player 4 moved from (3, 6) to (3, 7)
2025-12-12 04:20:44,177 - [MOVE] Player 3 moved from (4, 2) to (4, 1)
2025-12-12 04:20:44,210 - [MOVE] Player 1 moved from (0, 11) to (1, 11)
2025-12-12 04:20:44,415 - [GAME] Spawned Event 8 (Type 1) at 15,0
2025-12-12 04:20:44,446 - [MOVE] Player 2 moved from (16, 0) to (15, 0)
2025-12-12 04:20:44,447 - [BOOST] Player 2 collected BOOST (Type 1) at (15, 0)!
2025-12-12 04:20:44,591 - [MOVE] Player 1 moved from (1, 11) to (2, 11)
2025-12-12 04:20:44,658 - [MOVE] Player 3 moved from (4, 1) to (3, 1)
2025-12-12 04:20:44,732 - [MOVE] Player 4 moved from (3, 7) to (3, 6)
2025-12-12 04:20:45,082 - [MOVE] Player 2 moved from (15, 0) to (16, 0)
2025-12-12 04:20:45,233 - [CLAIM] Player 1 successfully CLAIMED block at (2, 11)
2025-12-12 04:20:45,233 - [MOVE] Player 4 moved from (3, 6) to (2, 6)
2025-12-12 04:20:45,255 - [MOVE] Player 3 moved from (3, 1) to (4, 1)
2025-12-12 04:20:44,106 - [MOVE] Player 2 moved from (16, 0) to (17, 0)
2025-12-12 04:20:44,286 - [MOVE] Player 3 moved from (4, 1) to (5, 1)
2025-12-12 04:20:44,487 - [MOVE] Player 4 moved from (2, 6) to (3, 6)
2025-12-12 04:20:44,562 - [MOVE] Player 1 moved from (2, 11) to (1, 11)
2025-12-12 04:20:44,763 - [CLAIM] Player 2 successfully CLAIMED block at (17, 0)
2025-12-12 04:20:44,879 - [MOVE] Player 4 moved from (3, 6) to (4, 6)
2025-12-12 04:20:44,922 - [CLAIM] Player 3 successfully CLAIMED block at (5, 1)
2025-12-12 04:20:45,261 - [MOVE] Player 1 moved from (1, 11) to (0, 11)
2025-12-12 04:20:45,487 - [MOVE] Player 2 moved from (17, 0) to (16, 0)
2025-12-12 04:20:45,551 - [CLAIM] Player 4 successfully CLAIMED block at (4, 6)
2025-12-12 04:20:45,615 - [MOVE] Player 3 moved from (5, 1) to (4, 1)
2025-12-12 04:20:45,668 - [CLAIM] Player 1 successfully CLAIMED block at (0, 11)
2025-12-12 04:20:46,202 - [MOVE] Player 2 moved from (16, 0) to (15, 0)
2025-12-12 04:20:46,265 - [MOVE] Player 4 moved from (4, 6) to (3, 6)
2025-12-12 04:20:46,319 - [MOVE] Player 3 moved from (4, 1) to (3, 1)
2025-12-12 04:20:46,404 - [MOVE] Player 1 moved from (0, 11) to (0, 12)
2025-12-12 04:20:46,620 - [CLAIM] Player 2 successfully CLAIMED block at (15, 0)
2025-12-12 04:20:46,727 - [CLAIM] Player 3 successfully CLAIMED block at (3, 1)
2025-12-12 04:20:46,907 - [CLAIM] Player 1 successfully CLAIMED block at (0, 12)
2025-12-12 04:20:46,971 - [MOVE] Player 4 moved from (3, 6) to (2, 6)
2025-12-12 04:20:47,400 - [MOVE] Player 2 moved from (15, 0) to (15, 1)
2025-12-12 04:20:47,400 - [CLAIM] Player 4 successfully CLAIMED block at (2, 6)
2025-12-12 04:20:47,443 - [MOVE] Player 1 moved from (0, 12) to (1, 12)
2025-12-12 04:20:47,443 - [GAME] Spawned Event 9 (Type 1) at 2,10
2025-12-12 04:20:47,465 - [MOVE] Player 3 moved from (3, 1) to (3, 2)
2025-12-12 04:20:47,912 - [CLAIM] Player 2 successfully CLAIMED block at (15, 1)
2025-12-12 04:20:47,956 - [CLAIM] Player 3 successfully CLAIMED block at (3, 2)
2025-12-12 04:20:48,114 - [MOVE] Player 1 moved from (1, 12) to (1, 13)
2025-12-12 04:20:48,146 - [MOVE] Player 4 moved from (2, 6) to (2, 7)
2025-12-12 04:20:48,444 - [MOVE] Player 2 moved from (15, 1) to (16, 1)
2025-12-12 04:20:48,487 - [MOVE] Player 3 moved from (3, 2) to (4, 2)
2025-12-12 04:20:48,657 - [CLAIM] Player 4 successfully CLAIMED block at (2, 7)
2025-12-12 04:20:48,863 - [MOVE] Player 1 moved from (1, 13) to (2, 13)
2025-12-12 04:20:49,150 - [MOVE] Player 2 moved from (16, 1) to (16, 2)
2025-12-12 04:20:49,161 - [MOVE] Player 3 moved from (4, 2) to (4, 3)
2025-12-12 04:20:49,204 - [MOVE] Player 4 moved from (2, 7) to (3, 7)
2025-12-12 04:20:49,659 - [MOVE] Player 1 moved from (2, 13) to (2, 14)
2025-12-12 04:20:49,902 - [MOVE] Player 4 moved from (3, 7) to (3, 8)
2025-12-12 04:20:49,913 - [MOVE] Player 3 moved from (4, 3) to (5, 3)
2025-12-12 04:20:49,935 - [MOVE] Player 2 moved from (16, 2) to (17, 2)
2025-12-12 04:20:50,007 - [MOVE] Player 1 moved from (2, 14) to (1, 14)
2025-12-12 04:20:50,382 - [MOVE] Player 1 moved from (1, 14) to (1, 15)
2025-12-12 04:20:50,456 - [GAME] Spawned Event 10 (Type 1) at 16,17
2025-12-12 04:20:50,676 - [MOVE] Player 4 moved from (3, 8) to (4, 8)
2025-12-12 04:20:50,709 - [MOVE] Player 3 moved from (5, 3) to (5, 4)
2025-12-12 04:20:50,762 - [MOVE] Player 2 moved from (17, 2) to (17, 3)
2025-12-12 04:20:50,984 - [MOVE] Player 1 moved from (1, 15) to (1, 16)
2025-12-12 04:20:51,058 - [MOVE] Player 3 moved from (5, 4) to (4, 4)
2025-12-12 04:20:51,132 - [MOVE] Player 2 moved from (17, 3) to (16, 3)
2025-12-12 04:20:51,428 - [MOVE] Player 3 moved from (4, 4) to (4, 5)
2025-12-12 04:20:51,515 - [MOVE] Player 4 moved from (4, 8) to (4, 9)
2025-12-12 04:20:51,525 - [MOVE] Player 2 moved from (16, 3) to (16, 4)
2025-12-12 04:20:51,548 - [CLAIM] Player 1 successfully CLAIMED block at (1, 16)
2025-12-12 04:20:51,876 - [MOVE] Player 4 moved from (4, 9) to (3, 9)
2025-12-12 04:20:52,141 - [MOVE] Player 2 moved from (16, 4) to (16, 5)
2025-12-12 04:20:52,269 - [MOVE] Player 4 moved from (3, 9) to (3, 10)
2025-12-12 04:20:52,281 - [MOVE] Player 1 moved from (1, 16) to (0, 16)
2025-12-12 04:20:52,598 - [CLAIM] Player 3 successfully CLAIMED block at (4, 5)
2025-12-12 04:20:52,726 - [CLAIM] Player 2 successfully CLAIMED block at (16, 5)
2025-12-12 04:20:52,886 - [MOVE] Player 4 moved from (3, 10) to (3, 11)
2025-12-12 04:20:52,918 - [MOVE] Player 1 moved from (0, 16) to (0, 15)
2025-12-12 04:20:53,323 - [MOVE] Player 3 moved from (4, 5) to (3, 5)
2025-12-12 04:20:53,462 - [GAME] Spawned Event 11 (Type 1) at 12,9
2025-12-12 04:20:53,472 - [CLAIM] Player 4 successfully CLAIMED block at (3, 11)
2025-12-12 04:20:53,494 - [MOVE] Player 2 moved from (16, 5) to (15, 5)
2025-12-12 04:20:53,599 - [MOVE] Player 1 moved from (0, 15) to (0, 14)
2025-12-12 04:20:53,965 - [MOVE] Player 3 moved from (3, 5) to (3, 4)
2025-12-12 04:20:54,123 - [MOVE] Player 1 moved from (0, 14) to (0, 13)
2025-12-12 04:20:54,160 - [MOVE] Player 2 moved from (15, 5) to (15, 4)
2025-12-12 04:20:54,655 - [MOVE] Player 3 moved from (3, 4) to (3, 3)
2025-12-12 04:20:54,878 - [MOVE] Player 2 moved from (15, 4) to (15, 3)
2025-12-12 04:20:54,879 - [MOVE] Player 4 moved from (3, 11) to (3, 10)
2025-12-12 04:20:54,901 - [CLAIM] Player 1 successfully CLAIMED block at (0, 13)
2025-12-12 04:20:55,174 - [MOVE] Player 3 moved from (3, 3) to (3, 2)
2025-12-12 04:20:55,417 - [MOVE] Player 2 moved from (15, 3) to (15, 2)
2025-12-12 04:20:55,460 - [MOVE] Player 1 moved from (0, 13) to (0, 12)
2025-12-12 04:20:55,588 - [MOVE] Player 4 moved from (3, 10) to (3, 9)
2025-12-12 04:20:55,957 - [CLAIM] Player 3 successfully CLAIMED block at (3, 2)
2025-12-12 04:20:56,114 - [MOVE] Player 4 moved from (3, 9) to (3, 8)
2025-12-12 04:20:56,177 - [MOVE] Player 1 moved from (0, 12) to (1, 12)
2025-12-12 04:20:56,241 - [CLAIM] Player 2 successfully CLAIMED block at (15, 2)
2025-12-12 04:20:56,486 - [GAME] Spawned Event 12 (Type 1) at 0,19
2025-12-12 04:20:56,517 - [MOVE] Player 3 moved from (3, 2) to (3, 1)
2025-12-12 04:20:56,560 - [CLAIM] Player 1 successfully CLAIMED block at (1, 12)
2025-12-12 04:20:56,802 - [MOVE] Player 2 moved from (15, 2) to (15, 1)
2025-12-12 04:20:56,909 - [CLAIM] Player 4 successfully CLAIMED block at (3, 8)
2025-12-12 04:20:57,137 - [CLAIM] Player 1 successfully CLAIMED block at (1, 12)
2025-12-12 04:20:57,232 - [MOVE] Player 3 moved from (3, 1) to (4, 1)
2025-12-12 04:20:57,478 - [MOVE] Player 4 moved from (3, 8) to (3, 7)
2025-12-12 04:20:57,552 - [MOVE] Player 2 moved from (15, 1) to (16, 1)
2025-12-12 04:20:57,615 - [CLAIM] Player 3 successfully CLAIMED block at (4, 1)
2025-12-12 04:20:57,723 - [MOVE] Player 1 moved from (1, 12) to (1, 11)
2025-12-12 04:20:57,948 - [CLAIM] Player 2 successfully CLAIMED block at (16, 1)
2025-12-12 04:20:58,181 - [CLAIM] Player 3 successfully CLAIMED block at (4, 1)
2025-12-12 04:20:58,203 - [MOVE] Player 4 moved from (3, 7) to (4, 7)
2025-12-12 04:20:58,289 - [MOVE] Player 1 moved from (1, 11) to (1, 10)
2025-12-12 04:20:58,545 - [CLAIM] Player 2 successfully CLAIMED block at (16, 1)
2025-12-12 04:20:58,600 - [CLAIM] Player 4 successfully CLAIMED block at (4, 7)
2025-12-12 04:20:58,747 - [MOVE] Player 3 moved from (4, 1) to (4, 0)
2025-12-12 04:20:59,035 - [CLAIM] Player 1 successfully CLAIMED block at (1, 10)
2025-12-12 04:20:59,131 - [MOVE] Player 2 moved from (16, 1) to (16, 0)
2025-12-12 04:20:59,174 - [CLAIM] Player 4 successfully CLAIMED block at (4, 7)
2025-12-12 04:20:59,496 - [MOVE] Player 1 moved from (1, 10) to (0, 10)
2025-12-12 04:20:59,518 - [GAME] Spawned Event 13 (Type 1) at 1,0
2025-12-12 04:20:59,767 - [MOVE] Player 4 moved from (4, 7) to (4, 6)
2025-12-12 04:21:00,033 - [CLAIM] Player 3 successfully CLAIMED block at (4, 0)
2025-12-12 04:21:00,437 - [CLAIM] Player 2 successfully CLAIMED block at (16, 0)
2025-12-12 04:21:00,491 - [MOVE] Player 3 moved from (4, 0) to (3, 0)
2025-12-12 04:21:00,635 - [MOVE] Player 1 moved from (0, 10) to (1, 10)
2025-12-12 04:21:00,831 - [MOVE] Player 3 moved from (3, 0) to (2, 0)
2025-12-12 04:21:00,917 - [MOVE] Player 2 moved from (16, 0) to (15, 0)
2025-12-12 04:21:00,991 - [MOVE] Player 1 moved from (1, 10) to (2, 10)
2025-12-12 04:21:00,992 - [BOOST] Player 1 collected BOOST (Type 1) at (2, 10)!
2025-12-12 04:21:01,079 - [CLAIM] Player 4 successfully CLAIMED block at (4, 6)
2025-12-12 04:21:01,272 - [MOVE] Player 2 moved from (15, 0) to (14, 0)
2025-12-12 04:21:01,431 - [CLAIM] Player 1 successfully CLAIMED block at (2, 10)
2025-12-12 04:21:01,527 - [MOVE] Player 4 moved from (4, 6) to (3, 6)
2025-12-12 04:21:01,624 - [MOVE] Player 3 moved from (2, 0) to (3, 0)
2025-12-12 04:21:01,869 - [MOVE] Player 4 moved from (3, 6) to (2, 6)
2025-12-12 04:21:01,934 - [MOVE] Player 1 moved from (2, 10) to (3, 10)
2025-12-12 04:21:01,987 - [MOVE] Player 3 moved from (3, 0) to (4, 0)
2025-12-12 04:21:02,094 - [MOVE] Player 2 moved from (14, 0) to (15, 0)
2025-12-12 04:21:02,422 - [CLAIM] Player 3 successfully CLAIMED block at (4, 0)
